E, [2025-06-01T11:31:45.696780 #61421] ERROR -- Kitchen: ------Exception-------
E, [2025-06-01T11:31:45.696906 #61421] ERROR -- Kitchen: Class: Kitchen::ShellOut::ShellCommandFailed
E, [2025-06-01T11:31:45.696917 #61421] ERROR -- Kitchen: Message: Expected process to exit with [0], but received '1'
---- Begin output of vagrant --version ----
STDOUT: 
STDERR: /Users/alexfreidah/.rvm/rubies/ruby-3.3.6/lib/ruby/site_ruby/3.3.0/bundler/definition.rb:691:in `materialize': Could not find chef-18.7.10, cookstyle-8.1.3, berkshelf-8.0.22, simplecov-0.22.0, knife-18.7.9, knife-solo-0.7.0, knife-solo_data_bag-2.1.0, knife-zero-2.6.0, rake-13.2.1, colorize-1.1.0, test-kitchen-3.7.0, kitchen-vagrant-2.0.1, kitchen-inspec-3.0.0, inspec-5.22.72, rspec-3.12.0, addressable-2.8.7, aws-sdk-s3-1.187.0, aws-sdk-secretsmanager-1.46.0, chef-config-18.7.10, chef-utils-18.7.10, chef-vault-4.1.23, chef-zero-15.0.17, corefoundation-0.3.13, diff-lcs-1.5.1, erubis-2.7.0, ffi-1.16.3, ffi-libarchive-1.1.14, ffi-yajl-2.6.0, iniparse-1.5.0, inspec-core-5.22.72, license-acceptance-2.1.13, mixlib-archive-1.1.7, mixlib-authentication-3.0.10, mixlib-cli-2.1.8, mixlib-log-3.1.2.1, mixlib-shellout-3.3.9, ohai-18.2.6, plist-3.7.2, proxifier2-1.1.0, syslog-logger-1.6.8, train-core-3.12.13, train-rest-0.5.0, train-winrm-0.2.19, unf_ext-0.0.8.2, uuidtools-2.2.0, vault-0.18.2, rubocop-1.75.6, chef-cleanroom-1.0.5, minitar-1.0.2, mixlib-config-3.0.27, octokit-5.6.1, retryable-3.0.5, solve-4.0.4, thor-1.2.2, docile-1.4.1, simplecov-html-0.13.1, simplecov_json_formatter-0.1.4, chef-bin-18.7.10, chef-licensing-1.0.4, highline-2.1.0, net-ssh-multi-1.2.1, pastel-0.8.0, tty-prompt-0.23.1, tty-screen-0.8.2, tty-table-0.12.0, ed25519-1.4.0, mixlib-install-3.12.30, net-ssh-gateway-2.0.0, winrm-2.3.8, hashie-4.1.0, faraday_middleware-1.2.1, mongo-2.13.2, progress_bar-1.3.4, train-3.12.13, train-aws-0.2.36, train-habitat-0.2.22, train-kubernetes-0.3.1, rspec-core-3.12.3, rspec-expectations-3.12.4, rspec-mocks-3.12.7, public_suffix-6.0.2, aws-sdk-core-3.224.1, aws-sdk-kms-1.101.0, aws-sigv4-1.11.0, fuzzyurl-0.9.0, tomlrb-1.3.0, activesupport-7.0.8.7, rack-3.1.15, rackup-2.2.1, webrick-1.9.1, libyajl2-2.1.0, chef-telemetry-1.1.1, faraday-1.10.4, faraday-follow_redirects-0.3.0, method_source-1.1.0, multipart-post-2.4.1, parallel-1.27.0, parslet-2.0.0, pry-0.15.2, rspec-its-1.3.1, rubyzip-2.4.1, semverse-3.0.2, sslshake-1.3.1, tty-box-0.7.0, time-0.4.1, ipaddress-0.8.3, wmi-lite-1.0.7, json-2.12.2, rest-client-2.1.0, chef-winrm-2.3.12, chef-winrm-elevated-1.2.5, chef-winrm-fs-1.3.7, language_server-protocol-3.17.0.5, lint_roller-1.1.0, parser-3.3.8.0, rainbow-3.1.1, regexp_parser-2.10.0, rubocop-ast-1.44.1, ruby-progressbar-1.13.0, unicode-display_width-2.6.0, sawyer-0.9.2, molinillo-0.8.0, faraday-http-cache-2.5.1, tty-spinner-0.9.3, tty-color-0.6.0, tty-reader-0.9.0, strings-0.2.1, mixlib-versioning-1.2.12, nori-2.7.0, bson-4.15.0, options-2.3.2, azure_graph_rbac-0.17.2, azure_mgmt_key_vault-0.17.7, azure_mgmt_resources-0.18.2, azure_mgmt_security-0.19.0, azure_mgmt_storage-0.23.0, docker-api-2.4.0, google-apis-admin_directory_v1-0.46.0, google-apis-cloudkms_v1-0.41.0, google-apis-cloudresourcemanager_v1-0.35.0, google-apis-compute_v1-0.83.0, google-apis-iam_v1-0.50.0, google-apis-monitoring_v3-0.51.0, google-apis-storage_v1-0.30.0, googleauth-1.8.1, inifile-3.0.0, aws-sdk-account-1.42.0, aws-sdk-alexaforbusiness-1.71.0, aws-sdk-amplify-1.32.0, aws-sdk-apigateway-1.116.0, aws-sdk-apigatewayv2-1.75.0, aws-sdk-applicationautoscaling-1.51.0, aws-sdk-athena-1.104.0, aws-sdk-autoscaling-1.92.0, aws-sdk-batch-1.73.0, aws-sdk-budgets-1.85.0, aws-sdk-cloudformation-1.131.0, aws-sdk-cloudfront-1.118.0, aws-sdk-cloudhsm-1.70.0, aws-sdk-cloudhsmv2-1.76.0, aws-sdk-cloudtrail-1.104.0, aws-sdk-cloudwatch-1.115.0, aws-sdk-cloudwatchevents-1.62.0, aws-sdk-cloudwatchlogs-1.116.0, aws-sdk-codecommit-1.85.0, aws-sdk-codedeploy-1.84.0, aws-sdk-codepipeline-1.100.0, aws-sdk-cognitoidentity-1.45.0, aws-sdk-cognitoidentityprovider-1.76.0, aws-sdk-configservice-1.128.0, aws-sdk-costandusagereportservice-1.73.0, aws-sdk-databasemigrationservice-1.80.0, aws-sdk-dynamodb-1.144.0, aws-sdk-ec2-1.529.0, aws-sdk-ecr-1.102.0, aws-sdk-ecrpublic-1.50.0, aws-sdk-ecs-1.192.0, aws-sdk-efs-1.94.0, aws-sdk-eks-1.137.0, aws-sdk-elasticache-1.127.0, aws-sdk-elasticbeanstalk-1.87.0, aws-sdk-elasticloadbalancing-1.74.0, aws-sdk-elasticloadbalancingv2-1.132.0, aws-sdk-elasticsearchservice-1.102.0, aws-sdk-emr-1.53.0, aws-sdk-eventbridge-1.46.0, aws-sdk-firehose-1.93.0, aws-sdk-glue-1.145.0, aws-sdk-guardduty-1.116.0, aws-sdk-iam-1.122.0, aws-sdk-kafka-1.91.0, aws-sdk-kinesis-1.80.0, aws-sdk-lambda-1.151.0, aws-sdk-mq-1.40.0, aws-sdk-networkfirewall-1.66.0, aws-sdk-networkmanager-1.63.0, aws-sdk-organizations-1.77.0, aws-sdk-ram-1.26.0, aws-sdk-rds-1.277.0, aws-sdk-redshift-1.140.0, aws-sdk-route53-1.114.0, aws-sdk-route53domains-1.78.0, aws-sdk-route53resolver-1.79.0, aws-sdk-s3control-1.43.0, aws-sdk-securityhub-1.135.0, aws-sdk-servicecatalog-1.60.0, aws-sdk-ses-1.41.0, aws-sdk-shield-1.81.0, aws-sdk-signer-1.32.0, aws-sdk-simpledb-1.29.0, aws-sdk-sms-1.71.0, aws-sdk-sns-1.99.0, aws-sdk-sqs-1.95.0, aws-sdk-ssm-1.195.0, aws-sdk-states-1.39.0, aws-sdk-synthetics-1.19.0, aws-sdk-transfer-1.73.0, aws-sdk-waf-1.43.0, k8s-ruby-0.17.2, rspec-support-3.12.2, aws-eventstream-1.3.2, aws-partitions-1.1108.0, jmespath-1.6.2, logger-1.7.0, minitest-5.25.5, tzinfo-2.0.6, faraday-em_http-1.0.0, faraday-em_synchrony-1.0.0, faraday-excon-1.1.0, faraday-httpclient-1.0.1, faraday-multipart-1.1.0, faraday-net_http-1.0.2, faraday-net_http_persistent-1.2.0, faraday-patron-1.0.0, faraday-rack-1.0.0, faraday-retry-1.0.3, coderay-1.1.3, tty-cursor-0.7.1, timeout-0.4.3, date-3.4.1, http-accept-1.7.0, http-cookie-1.0.8, mime-types-3.7.0, netrc-0.11.0, chef-gyoku-1.4.5, ast-2.4.3, racc-1.8.1, prism-1.4.0, wisper-2.0.1, strings-ansi-0.2.0, unicode_utils-1.4.0, mutex_m-0.3.0, bigdecimal-3.1.9, ms_rest_azure-0.12.0, excon-0.112.0, google-apis-core-0.11.3, os-1.1.4, signet-0.20.0, aws-sigv2-1.2.0, dry-configurable-1.3.0, dry-struct-1.8.0, dry-types-1.8.2, hashdiff-1.2.0, jsonpath-1.1.5, recursive-open-struct-1.3.1, yajl-ruby-1.4.3, yaml-safe_load_stream3-0.1.2, domain_name-0.6.20240107, mime-types-data-3.2025.0527, faraday-cookie_jar-0.0.7, ms_rest-0.7.6, mini_mime-1.1.5, representable-3.2.0, retriable-3.1.2, dry-core-1.1.0, zeitwerk-2.7.3, ice_nine-0.11.2, dry-inflector-1.2.0, dry-logic-1.6.0, ostruct-0.6.1, timeliness-0.3.10, declarative-0.0.20, trailblazer-option-0.1.2, uber-0.1.0 in locally installed gems (Bundler::GemNotFound)
	from /Users/alexfreidah/.rvm/rubies/ruby-3.3.6/lib/ruby/site_ruby/3.3.0/bundler/definition.rb:237:in `specs'
	from /Users/alexfreidah/.rvm/rubies/ruby-3.3.6/lib/ruby/site_ruby/3.3.0/bundler/definition.rb:304:in `specs_for'
	from /Users/alexfreidah/.rvm/rubies/ruby-3.3.6/lib/ruby/site_ruby/3.3.0/bundler/runtime.rb:18:in `setup'
	from /Users/alexfreidah/.rvm/rubies/ruby-3.3.6/lib/ruby/site_ruby/3.3.0/bundler.rb:167:in `setup'
	from /Users/alexfreidah/.rvm/rubies/ruby-3.3.6/lib/ruby/site_ruby/3.3.0/bundler/setup.rb:32:in `block in <top (required)>'
	from /Users/alexfreidah/.rvm/rubies/ruby-3.3.6/lib/ruby/site_ruby/3.3.0/bundler/ui/shell.rb:173:in `with_level'
	from /Users/alexfreidah/.rvm/rubies/ruby-3.3.6/lib/ruby/site_ruby/3.3.0/bundler/ui/shell.rb:119:in `silence'
	from /Users/alexfreidah/.rvm/rubies/ruby-3.3.6/lib/ruby/site_ruby/3.3.0/bundler/setup.rb:32:in `<top (required)>'
	from <internal:/opt/vagrant/embedded/lib/ruby/3.3.0/rubygems/core_ext/kernel_require.rb>:136:in `require'
	from <internal:/opt/vagrant/embedded/lib/ruby/3.3.0/rubygems/core_ext/kernel_require.rb>:136:in `require'
	from /opt/vagrant/embedded/lib/ruby/3.3.0/rubygems.rb:1397:in `<top (required)>'
	from <internal:gem_prelude>:2:in `require'
	from <internal:gem_prelude>:2:in `<internal:gem_prelude>'
---- End output of vagrant --version ----
Ran vagrant --version returned 1
E, [2025-06-01T11:31:45.696930 #61421] ERROR -- Kitchen: ----------------------
E, [2025-06-01T11:31:45.696937 #61421] ERROR -- Kitchen: ------Backtrace-------
E, [2025-06-01T11:31:45.696943 #61421] ERROR -- Kitchen: /Users/alexfreidah/.rvm/gems/ruby-3.3.6/gems/test-kitchen-3.7.0/lib/kitchen/shell_out.rb:70:in `rescue in run_command'
E, [2025-06-01T11:31:45.696952 #61421] ERROR -- Kitchen: /Users/alexfreidah/.rvm/gems/ruby-3.3.6/gems/test-kitchen-3.7.0/lib/kitchen/shell_out.rb:57:in `run_command'
E, [2025-06-01T11:31:45.696960 #61421] ERROR -- Kitchen: /Users/alexfreidah/.rvm/gems/ruby-3.3.6/gems/kitchen-vagrant-2.0.1/lib/kitchen/driver/vagrant.rb:473:in `run_command'
E, [2025-06-01T11:31:45.696967 #61421] ERROR -- Kitchen: /Users/alexfreidah/.rvm/gems/ruby-3.3.6/gems/kitchen-vagrant-2.0.1/lib/kitchen/driver/vagrant.rb:420:in `run'
E, [2025-06-01T11:31:45.696972 #61421] ERROR -- Kitchen: /Users/alexfreidah/.rvm/gems/ruby-3.3.6/gems/kitchen-vagrant-2.0.1/lib/kitchen/driver/vagrant.rb:514:in `run_silently'
E, [2025-06-01T11:31:45.696978 #61421] ERROR -- Kitchen: /Users/alexfreidah/.rvm/gems/ruby-3.3.6/gems/kitchen-vagrant-2.0.1/lib/kitchen/driver/vagrant.rb:580:in `vagrant_version'
E, [2025-06-01T11:31:45.696983 #61421] ERROR -- Kitchen: /Users/alexfreidah/.rvm/gems/ruby-3.3.6/gems/kitchen-vagrant-2.0.1/lib/kitchen/driver/vagrant.rb:202:in `verify_dependencies'
E, [2025-06-01T11:31:45.696988 #61421] ERROR -- Kitchen: /Users/alexfreidah/.rvm/gems/ruby-3.3.6/gems/test-kitchen-3.7.0/lib/kitchen/plugin.rb:40:in `load'
E, [2025-06-01T11:31:45.696995 #61421] ERROR -- Kitchen: /Users/alexfreidah/.rvm/gems/ruby-3.3.6/gems/test-kitchen-3.7.0/lib/kitchen/driver.rb:37:in `for_plugin'
E, [2025-06-01T11:31:45.697000 #61421] ERROR -- Kitchen: /Users/alexfreidah/.rvm/gems/ruby-3.3.6/gems/test-kitchen-3.7.0/lib/kitchen/config.rb:235:in `new_driver'
E, [2025-06-01T11:31:45.697008 #61421] ERROR -- Kitchen: /Users/alexfreidah/.rvm/gems/ruby-3.3.6/gems/test-kitchen-3.7.0/lib/kitchen/config.rb:250:in `new_instance'
E, [2025-06-01T11:31:45.697013 #61421] ERROR -- Kitchen: /Users/alexfreidah/.rvm/gems/ruby-3.3.6/gems/test-kitchen-3.7.0/lib/kitchen/config.rb:143:in `block in build_instances'
E, [2025-06-01T11:31:45.697018 #61421] ERROR -- Kitchen: /Users/alexfreidah/.rvm/gems/ruby-3.3.6/gems/test-kitchen-3.7.0/lib/kitchen/config.rb:142:in `map'
E, [2025-06-01T11:31:45.697024 #61421] ERROR -- Kitchen: /Users/alexfreidah/.rvm/gems/ruby-3.3.6/gems/test-kitchen-3.7.0/lib/kitchen/config.rb:142:in `with_index'
E, [2025-06-01T11:31:45.697029 #61421] ERROR -- Kitchen: /Users/alexfreidah/.rvm/gems/ruby-3.3.6/gems/test-kitchen-3.7.0/lib/kitchen/config.rb:142:in `build_instances'
E, [2025-06-01T11:31:45.697034 #61421] ERROR -- Kitchen: /Users/alexfreidah/.rvm/gems/ruby-3.3.6/gems/test-kitchen-3.7.0/lib/kitchen/config.rb:116:in `instances'
E, [2025-06-01T11:31:45.697039 #61421] ERROR -- Kitchen: /Users/alexfreidah/.rvm/gems/ruby-3.3.6/gems/test-kitchen-3.7.0/lib/kitchen/command.rb:109:in `filtered_instances'
E, [2025-06-01T11:31:45.697044 #61421] ERROR -- Kitchen: /Users/alexfreidah/.rvm/gems/ruby-3.3.6/gems/test-kitchen-3.7.0/lib/kitchen/command.rb:139:in `parse_subcommand'
E, [2025-06-01T11:31:45.697048 #61421] ERROR -- Kitchen: /Users/alexfreidah/.rvm/gems/ruby-3.3.6/gems/test-kitchen-3.7.0/lib/kitchen/command/list.rb:29:in `call'
E, [2025-06-01T11:31:45.697053 #61421] ERROR -- Kitchen: /Users/alexfreidah/.rvm/gems/ruby-3.3.6/gems/test-kitchen-3.7.0/lib/kitchen/cli.rb:52:in `perform'
E, [2025-06-01T11:31:45.697058 #61421] ERROR -- Kitchen: /Users/alexfreidah/.rvm/gems/ruby-3.3.6/gems/test-kitchen-3.7.0/lib/kitchen/cli.rb:120:in `list'
E, [2025-06-01T11:31:45.697063 #61421] ERROR -- Kitchen: /Users/alexfreidah/.rvm/gems/ruby-3.3.6/gems/thor-1.2.2/lib/thor/command.rb:27:in `run'
E, [2025-06-01T11:31:45.697067 #61421] ERROR -- Kitchen: /Users/alexfreidah/.rvm/gems/ruby-3.3.6/gems/thor-1.2.2/lib/thor/invocation.rb:127:in `invoke_command'
E, [2025-06-01T11:31:45.697072 #61421] ERROR -- Kitchen: /Users/alexfreidah/.rvm/gems/ruby-3.3.6/gems/thor-1.2.2/lib/thor.rb:392:in `dispatch'
E, [2025-06-01T11:31:45.697077 #61421] ERROR -- Kitchen: /Users/alexfreidah/.rvm/gems/ruby-3.3.6/gems/thor-1.2.2/lib/thor/base.rb:485:in `start'
E, [2025-06-01T11:31:45.697082 #61421] ERROR -- Kitchen: /Users/alexfreidah/.rvm/gems/ruby-3.3.6/gems/test-kitchen-3.7.0/bin/kitchen:11:in `block in <top (required)>'
E, [2025-06-01T11:31:45.697090 #61421] ERROR -- Kitchen: /Users/alexfreidah/.rvm/gems/ruby-3.3.6/gems/test-kitchen-3.7.0/lib/kitchen/errors.rb:183:in `with_friendly_errors'
E, [2025-06-01T11:31:45.697095 #61421] ERROR -- Kitchen: /Users/alexfreidah/.rvm/gems/ruby-3.3.6/gems/test-kitchen-3.7.0/bin/kitchen:11:in `<top (required)>'
E, [2025-06-01T11:31:45.697099 #61421] ERROR -- Kitchen: /Users/alexfreidah/.rvm/gems/ruby-3.3.6/bin/kitchen:25:in `load'
E, [2025-06-01T11:31:45.697104 #61421] ERROR -- Kitchen: /Users/alexfreidah/.rvm/gems/ruby-3.3.6/bin/kitchen:25:in `<main>'
E, [2025-06-01T11:31:45.697109 #61421] ERROR -- Kitchen: /Users/alexfreidah/.rvm/gems/ruby-3.3.6/bin/ruby_executable_hooks:22:in `eval'
E, [2025-06-01T11:31:45.697114 #61421] ERROR -- Kitchen: /Users/alexfreidah/.rvm/gems/ruby-3.3.6/bin/ruby_executable_hooks:22:in `<main>'
E, [2025-06-01T11:31:45.697118 #61421] ERROR -- Kitchen: ----End Backtrace-----
E, [2025-06-01T11:31:45.697123 #61421] ERROR -- Kitchen: ---Nested Exception---
E, [2025-06-01T11:31:45.697128 #61421] ERROR -- Kitchen: Class: Mixlib::ShellOut::ShellCommandFailed
E, [2025-06-01T11:31:45.697134 #61421] ERROR -- Kitchen: Message: Expected process to exit with [0], but received '1'
---- Begin output of vagrant --version ----
STDOUT: 
STDERR: /Users/alexfreidah/.rvm/rubies/ruby-3.3.6/lib/ruby/site_ruby/3.3.0/bundler/definition.rb:691:in `materialize': Could not find chef-18.7.10, cookstyle-8.1.3, berkshelf-8.0.22, simplecov-0.22.0, knife-18.7.9, knife-solo-0.7.0, knife-solo_data_bag-2.1.0, knife-zero-2.6.0, rake-13.2.1, colorize-1.1.0, test-kitchen-3.7.0, kitchen-vagrant-2.0.1, kitchen-inspec-3.0.0, inspec-5.22.72, rspec-3.12.0, addressable-2.8.7, aws-sdk-s3-1.187.0, aws-sdk-secretsmanager-1.46.0, chef-config-18.7.10, chef-utils-18.7.10, chef-vault-4.1.23, chef-zero-15.0.17, corefoundation-0.3.13, diff-lcs-1.5.1, erubis-2.7.0, ffi-1.16.3, ffi-libarchive-1.1.14, ffi-yajl-2.6.0, iniparse-1.5.0, inspec-core-5.22.72, license-acceptance-2.1.13, mixlib-archive-1.1.7, mixlib-authentication-3.0.10, mixlib-cli-2.1.8, mixlib-log-3.1.2.1, mixlib-shellout-3.3.9, ohai-18.2.6, plist-3.7.2, proxifier2-1.1.0, syslog-logger-1.6.8, train-core-3.12.13, train-rest-0.5.0, train-winrm-0.2.19, unf_ext-0.0.8.2, uuidtools-2.2.0, vault-0.18.2, rubocop-1.75.6, chef-cleanroom-1.0.5, minitar-1.0.2, mixlib-config-3.0.27, octokit-5.6.1, retryable-3.0.5, solve-4.0.4, thor-1.2.2, docile-1.4.1, simplecov-html-0.13.1, simplecov_json_formatter-0.1.4, chef-bin-18.7.10, chef-licensing-1.0.4, highline-2.1.0, net-ssh-multi-1.2.1, pastel-0.8.0, tty-prompt-0.23.1, tty-screen-0.8.2, tty-table-0.12.0, ed25519-1.4.0, mixlib-install-3.12.30, net-ssh-gateway-2.0.0, winrm-2.3.8, hashie-4.1.0, faraday_middleware-1.2.1, mongo-2.13.2, progress_bar-1.3.4, train-3.12.13, train-aws-0.2.36, train-habitat-0.2.22, train-kubernetes-0.3.1, rspec-core-3.12.3, rspec-expectations-3.12.4, rspec-mocks-3.12.7, public_suffix-6.0.2, aws-sdk-core-3.224.1, aws-sdk-kms-1.101.0, aws-sigv4-1.11.0, fuzzyurl-0.9.0, tomlrb-1.3.0, activesupport-7.0.8.7, rack-3.1.15, rackup-2.2.1, webrick-1.9.1, libyajl2-2.1.0, chef-telemetry-1.1.1, faraday-1.10.4, faraday-follow_redirects-0.3.0, method_source-1.1.0, multipart-post-2.4.1, parallel-1.27.0, parslet-2.0.0, pry-0.15.2, rspec-its-1.3.1, rubyzip-2.4.1, semverse-3.0.2, sslshake-1.3.1, tty-box-0.7.0, time-0.4.1, ipaddress-0.8.3, wmi-lite-1.0.7, json-2.12.2, rest-client-2.1.0, chef-winrm-2.3.12, chef-winrm-elevated-1.2.5, chef-winrm-fs-1.3.7, language_server-protocol-3.17.0.5, lint_roller-1.1.0, parser-3.3.8.0, rainbow-3.1.1, regexp_parser-2.10.0, rubocop-ast-1.44.1, ruby-progressbar-1.13.0, unicode-display_width-2.6.0, sawyer-0.9.2, molinillo-0.8.0, faraday-http-cache-2.5.1, tty-spinner-0.9.3, tty-color-0.6.0, tty-reader-0.9.0, strings-0.2.1, mixlib-versioning-1.2.12, nori-2.7.0, bson-4.15.0, options-2.3.2, azure_graph_rbac-0.17.2, azure_mgmt_key_vault-0.17.7, azure_mgmt_resources-0.18.2, azure_mgmt_security-0.19.0, azure_mgmt_storage-0.23.0, docker-api-2.4.0, google-apis-admin_directory_v1-0.46.0, google-apis-cloudkms_v1-0.41.0, google-apis-cloudresourcemanager_v1-0.35.0, google-apis-compute_v1-0.83.0, google-apis-iam_v1-0.50.0, google-apis-monitoring_v3-0.51.0, google-apis-storage_v1-0.30.0, googleauth-1.8.1, inifile-3.0.0, aws-sdk-account-1.42.0, aws-sdk-alexaforbusiness-1.71.0, aws-sdk-amplify-1.32.0, aws-sdk-apigateway-1.116.0, aws-sdk-apigatewayv2-1.75.0, aws-sdk-applicationautoscaling-1.51.0, aws-sdk-athena-1.104.0, aws-sdk-autoscaling-1.92.0, aws-sdk-batch-1.73.0, aws-sdk-budgets-1.85.0, aws-sdk-cloudformation-1.131.0, aws-sdk-cloudfront-1.118.0, aws-sdk-cloudhsm-1.70.0, aws-sdk-cloudhsmv2-1.76.0, aws-sdk-cloudtrail-1.104.0, aws-sdk-cloudwatch-1.115.0, aws-sdk-cloudwatchevents-1.62.0, aws-sdk-cloudwatchlogs-1.116.0, aws-sdk-codecommit-1.85.0, aws-sdk-codedeploy-1.84.0, aws-sdk-codepipeline-1.100.0, aws-sdk-cognitoidentity-1.45.0, aws-sdk-cognitoidentityprovider-1.76.0, aws-sdk-configservice-1.128.0, aws-sdk-costandusagereportservice-1.73.0, aws-sdk-databasemigrationservice-1.80.0, aws-sdk-dynamodb-1.144.0, aws-sdk-ec2-1.529.0, aws-sdk-ecr-1.102.0, aws-sdk-ecrpublic-1.50.0, aws-sdk-ecs-1.192.0, aws-sdk-efs-1.94.0, aws-sdk-eks-1.137.0, aws-sdk-elasticache-1.127.0, aws-sdk-elasticbeanstalk-1.87.0, aws-sdk-elasticloadbalancing-1.74.0, aws-sdk-elasticloadbalancingv2-1.132.0, aws-sdk-elasticsearchservice-1.102.0, aws-sdk-emr-1.53.0, aws-sdk-eventbridge-1.46.0, aws-sdk-firehose-1.93.0, aws-sdk-glue-1.145.0, aws-sdk-guardduty-1.116.0, aws-sdk-iam-1.122.0, aws-sdk-kafka-1.91.0, aws-sdk-kinesis-1.80.0, aws-sdk-lambda-1.151.0, aws-sdk-mq-1.40.0, aws-sdk-networkfirewall-1.66.0, aws-sdk-networkmanager-1.63.0, aws-sdk-organizations-1.77.0, aws-sdk-ram-1.26.0, aws-sdk-rds-1.277.0, aws-sdk-redshift-1.140.0, aws-sdk-route53-1.114.0, aws-sdk-route53domains-1.78.0, aws-sdk-route53resolver-1.79.0, aws-sdk-s3control-1.43.0, aws-sdk-securityhub-1.135.0, aws-sdk-servicecatalog-1.60.0, aws-sdk-ses-1.41.0, aws-sdk-shield-1.81.0, aws-sdk-signer-1.32.0, aws-sdk-simpledb-1.29.0, aws-sdk-sms-1.71.0, aws-sdk-sns-1.99.0, aws-sdk-sqs-1.95.0, aws-sdk-ssm-1.195.0, aws-sdk-states-1.39.0, aws-sdk-synthetics-1.19.0, aws-sdk-transfer-1.73.0, aws-sdk-waf-1.43.0, k8s-ruby-0.17.2, rspec-support-3.12.2, aws-eventstream-1.3.2, aws-partitions-1.1108.0, jmespath-1.6.2, logger-1.7.0, minitest-5.25.5, tzinfo-2.0.6, faraday-em_http-1.0.0, faraday-em_synchrony-1.0.0, faraday-excon-1.1.0, faraday-httpclient-1.0.1, faraday-multipart-1.1.0, faraday-net_http-1.0.2, faraday-net_http_persistent-1.2.0, faraday-patron-1.0.0, faraday-rack-1.0.0, faraday-retry-1.0.3, coderay-1.1.3, tty-cursor-0.7.1, timeout-0.4.3, date-3.4.1, http-accept-1.7.0, http-cookie-1.0.8, mime-types-3.7.0, netrc-0.11.0, chef-gyoku-1.4.5, ast-2.4.3, racc-1.8.1, prism-1.4.0, wisper-2.0.1, strings-ansi-0.2.0, unicode_utils-1.4.0, mutex_m-0.3.0, bigdecimal-3.1.9, ms_rest_azure-0.12.0, excon-0.112.0, google-apis-core-0.11.3, os-1.1.4, signet-0.20.0, aws-sigv2-1.2.0, dry-configurable-1.3.0, dry-struct-1.8.0, dry-types-1.8.2, hashdiff-1.2.0, jsonpath-1.1.5, recursive-open-struct-1.3.1, yajl-ruby-1.4.3, yaml-safe_load_stream3-0.1.2, domain_name-0.6.20240107, mime-types-data-3.2025.0527, faraday-cookie_jar-0.0.7, ms_rest-0.7.6, mini_mime-1.1.5, representable-3.2.0, retriable-3.1.2, dry-core-1.1.0, zeitwerk-2.7.3, ice_nine-0.11.2, dry-inflector-1.2.0, dry-logic-1.6.0, ostruct-0.6.1, timeliness-0.3.10, declarative-0.0.20, trailblazer-option-0.1.2, uber-0.1.0 in locally installed gems (Bundler::GemNotFound)
	from /Users/alexfreidah/.rvm/rubies/ruby-3.3.6/lib/ruby/site_ruby/3.3.0/bundler/definition.rb:237:in `specs'
	from /Users/alexfreidah/.rvm/rubies/ruby-3.3.6/lib/ruby/site_ruby/3.3.0/bundler/definition.rb:304:in `specs_for'
	from /Users/alexfreidah/.rvm/rubies/ruby-3.3.6/lib/ruby/site_ruby/3.3.0/bundler/runtime.rb:18:in `setup'
	from /Users/alexfreidah/.rvm/rubies/ruby-3.3.6/lib/ruby/site_ruby/3.3.0/bundler.rb:167:in `setup'
	from /Users/alexfreidah/.rvm/rubies/ruby-3.3.6/lib/ruby/site_ruby/3.3.0/bundler/setup.rb:32:in `block in <top (required)>'
	from /Users/alexfreidah/.rvm/rubies/ruby-3.3.6/lib/ruby/site_ruby/3.3.0/bundler/ui/shell.rb:173:in `with_level'
	from /Users/alexfreidah/.rvm/rubies/ruby-3.3.6/lib/ruby/site_ruby/3.3.0/bundler/ui/shell.rb:119:in `silence'
	from /Users/alexfreidah/.rvm/rubies/ruby-3.3.6/lib/ruby/site_ruby/3.3.0/bundler/setup.rb:32:in `<top (required)>'
	from <internal:/opt/vagrant/embedded/lib/ruby/3.3.0/rubygems/core_ext/kernel_require.rb>:136:in `require'
	from <internal:/opt/vagrant/embedded/lib/ruby/3.3.0/rubygems/core_ext/kernel_require.rb>:136:in `require'
	from /opt/vagrant/embedded/lib/ruby/3.3.0/rubygems.rb:1397:in `<top (required)>'
	from <internal:gem_prelude>:2:in `require'
	from <internal:gem_prelude>:2:in `<internal:gem_prelude>'
---- End output of vagrant --version ----
Ran vagrant --version returned 1
E, [2025-06-01T11:31:45.697146 #61421] ERROR -- Kitchen: ----------------------
E, [2025-06-01T11:31:45.697151 #61421] ERROR -- Kitchen: ------Backtrace-------
E, [2025-06-01T11:31:45.697155 #61421] ERROR -- Kitchen: /Users/alexfreidah/.rvm/gems/ruby-3.3.6/gems/test-kitchen-3.7.0/lib/kitchen/shell_out.rb:70:in `rescue in run_command'
E, [2025-06-01T11:31:45.697160 #61421] ERROR -- Kitchen: /Users/alexfreidah/.rvm/gems/ruby-3.3.6/gems/test-kitchen-3.7.0/lib/kitchen/shell_out.rb:57:in `run_command'
E, [2025-06-01T11:31:45.697165 #61421] ERROR -- Kitchen: /Users/alexfreidah/.rvm/gems/ruby-3.3.6/gems/kitchen-vagrant-2.0.1/lib/kitchen/driver/vagrant.rb:473:in `run_command'
E, [2025-06-01T11:31:45.697170 #61421] ERROR -- Kitchen: /Users/alexfreidah/.rvm/gems/ruby-3.3.6/gems/kitchen-vagrant-2.0.1/lib/kitchen/driver/vagrant.rb:420:in `run'
E, [2025-06-01T11:31:45.697175 #61421] ERROR -- Kitchen: /Users/alexfreidah/.rvm/gems/ruby-3.3.6/gems/kitchen-vagrant-2.0.1/lib/kitchen/driver/vagrant.rb:514:in `run_silently'
E, [2025-06-01T11:31:45.697179 #61421] ERROR -- Kitchen: /Users/alexfreidah/.rvm/gems/ruby-3.3.6/gems/kitchen-vagrant-2.0.1/lib/kitchen/driver/vagrant.rb:580:in `vagrant_version'
E, [2025-06-01T11:31:45.697184 #61421] ERROR -- Kitchen: /Users/alexfreidah/.rvm/gems/ruby-3.3.6/gems/kitchen-vagrant-2.0.1/lib/kitchen/driver/vagrant.rb:202:in `verify_dependencies'
E, [2025-06-01T11:31:45.697189 #61421] ERROR -- Kitchen: /Users/alexfreidah/.rvm/gems/ruby-3.3.6/gems/test-kitchen-3.7.0/lib/kitchen/plugin.rb:40:in `load'
E, [2025-06-01T11:31:45.697193 #61421] ERROR -- Kitchen: /Users/alexfreidah/.rvm/gems/ruby-3.3.6/gems/test-kitchen-3.7.0/lib/kitchen/driver.rb:37:in `for_plugin'
E, [2025-06-01T11:31:45.697198 #61421] ERROR -- Kitchen: /Users/alexfreidah/.rvm/gems/ruby-3.3.6/gems/test-kitchen-3.7.0/lib/kitchen/config.rb:235:in `new_driver'
E, [2025-06-01T11:31:45.697203 #61421] ERROR -- Kitchen: /Users/alexfreidah/.rvm/gems/ruby-3.3.6/gems/test-kitchen-3.7.0/lib/kitchen/config.rb:250:in `new_instance'
E, [2025-06-01T11:31:45.697208 #61421] ERROR -- Kitchen: /Users/alexfreidah/.rvm/gems/ruby-3.3.6/gems/test-kitchen-3.7.0/lib/kitchen/config.rb:143:in `block in build_instances'
E, [2025-06-01T11:31:45.697216 #61421] ERROR -- Kitchen: /Users/alexfreidah/.rvm/gems/ruby-3.3.6/gems/test-kitchen-3.7.0/lib/kitchen/config.rb:142:in `map'
E, [2025-06-01T11:31:45.697221 #61421] ERROR -- Kitchen: /Users/alexfreidah/.rvm/gems/ruby-3.3.6/gems/test-kitchen-3.7.0/lib/kitchen/config.rb:142:in `with_index'
E, [2025-06-01T11:31:45.697226 #61421] ERROR -- Kitchen: /Users/alexfreidah/.rvm/gems/ruby-3.3.6/gems/test-kitchen-3.7.0/lib/kitchen/config.rb:142:in `build_instances'
E, [2025-06-01T11:31:45.697232 #61421] ERROR -- Kitchen: /Users/alexfreidah/.rvm/gems/ruby-3.3.6/gems/test-kitchen-3.7.0/lib/kitchen/config.rb:116:in `instances'
E, [2025-06-01T11:31:45.697237 #61421] ERROR -- Kitchen: /Users/alexfreidah/.rvm/gems/ruby-3.3.6/gems/test-kitchen-3.7.0/lib/kitchen/command.rb:109:in `filtered_instances'
E, [2025-06-01T11:31:45.697242 #61421] ERROR -- Kitchen: /Users/alexfreidah/.rvm/gems/ruby-3.3.6/gems/test-kitchen-3.7.0/lib/kitchen/command.rb:139:in `parse_subcommand'
E, [2025-06-01T11:31:45.697246 #61421] ERROR -- Kitchen: /Users/alexfreidah/.rvm/gems/ruby-3.3.6/gems/test-kitchen-3.7.0/lib/kitchen/command/list.rb:29:in `call'
E, [2025-06-01T11:31:45.697254 #61421] ERROR -- Kitchen: /Users/alexfreidah/.rvm/gems/ruby-3.3.6/gems/test-kitchen-3.7.0/lib/kitchen/cli.rb:52:in `perform'
E, [2025-06-01T11:31:45.697259 #61421] ERROR -- Kitchen: /Users/alexfreidah/.rvm/gems/ruby-3.3.6/gems/test-kitchen-3.7.0/lib/kitchen/cli.rb:120:in `list'
E, [2025-06-01T11:31:45.697264 #61421] ERROR -- Kitchen: /Users/alexfreidah/.rvm/gems/ruby-3.3.6/gems/thor-1.2.2/lib/thor/command.rb:27:in `run'
E, [2025-06-01T11:31:45.697268 #61421] ERROR -- Kitchen: /Users/alexfreidah/.rvm/gems/ruby-3.3.6/gems/thor-1.2.2/lib/thor/invocation.rb:127:in `invoke_command'
E, [2025-06-01T11:31:45.697273 #61421] ERROR -- Kitchen: /Users/alexfreidah/.rvm/gems/ruby-3.3.6/gems/thor-1.2.2/lib/thor.rb:392:in `dispatch'
E, [2025-06-01T11:31:45.697278 #61421] ERROR -- Kitchen: /Users/alexfreidah/.rvm/gems/ruby-3.3.6/gems/thor-1.2.2/lib/thor/base.rb:485:in `start'
E, [2025-06-01T11:31:45.697283 #61421] ERROR -- Kitchen: /Users/alexfreidah/.rvm/gems/ruby-3.3.6/gems/test-kitchen-3.7.0/bin/kitchen:11:in `block in <top (required)>'
E, [2025-06-01T11:31:45.697288 #61421] ERROR -- Kitchen: /Users/alexfreidah/.rvm/gems/ruby-3.3.6/gems/test-kitchen-3.7.0/lib/kitchen/errors.rb:183:in `with_friendly_errors'
E, [2025-06-01T11:31:45.697292 #61421] ERROR -- Kitchen: /Users/alexfreidah/.rvm/gems/ruby-3.3.6/gems/test-kitchen-3.7.0/bin/kitchen:11:in `<top (required)>'
E, [2025-06-01T11:31:45.697297 #61421] ERROR -- Kitchen: /Users/alexfreidah/.rvm/gems/ruby-3.3.6/bin/kitchen:25:in `load'
E, [2025-06-01T11:31:45.697302 #61421] ERROR -- Kitchen: /Users/alexfreidah/.rvm/gems/ruby-3.3.6/bin/kitchen:25:in `<main>'
E, [2025-06-01T11:31:45.697306 #61421] ERROR -- Kitchen: /Users/alexfreidah/.rvm/gems/ruby-3.3.6/bin/ruby_executable_hooks:22:in `eval'
E, [2025-06-01T11:31:45.697311 #61421] ERROR -- Kitchen: /Users/alexfreidah/.rvm/gems/ruby-3.3.6/bin/ruby_executable_hooks:22:in `<main>'
E, [2025-06-01T11:31:45.697316 #61421] ERROR -- Kitchen: ----End Backtrace-----
